Controllability of a viscoelastic plate using one boundary control in displacement or bending
---
Decay estimate in a viscoelastic plate equation with past history, nonlinear damping, and logarithmic nonlinearity
---
Viscoelasticity and elastocapillarity effects in the impact of drops on a repellent surface
---
Boundary layer in linear viscoelasticity
---
Extended plane wave expansion formulation for viscoelastic phononic thin plates
---
Stabilization for vibrating plate with singular structural damping
---
Global existence and decay estimates for a viscoelastic plate equation with nonlinear damping and logarithmic nonlinearity
---
Simulations of wobble damping in viscoelastic rotators
---
Derivation of von Kármán plate theory in the framework of three-dimensional viscoelasticity
---
Experiments, numerical models and optimization of carbon-epoxy plates damped by a frequency-dependent interleaved viscoelastic layer
---
Understanding viscoelastic flow instabilities: Oldroyd-B and beyond
---
